Microchip MPLAB XC8 Compiler V2.46

Linker command line:

-W-3 \
  --edf=C:\Program Files\Microchip\xc8\v2.46\pic\dat\20240104201356_en.msgs \
  -cn -h+dist/default/production\I2C.X.production.sym \
  --cmf=dist/default/production\I2C.X.production.cmf -z -Q16F887 \
  -oC:\Users\Admin\AppData\Local\Temp\xcBs1fc.1\driver_tmp_3.o \
  --defsym=__MPLAB_BUILD=1 --fixupoverflow=error \
  -Mdist/default/production/I2C.X.production.map \
  --md=C:\Users\Admin\AppData\Local\Temp\xcBs1fc.1\driver_tmp_0.dat -E1 \
  -ver=XC8 Compiler --acfsm=1493 -ACODE=00h-07FFhx4 -ASTRCODE=00h-01FFFh \
  -ASTRING=00h-0FFhx32 -ACONST=00h-0FFhx32 -AENTRY=00h-0FFhx32 \
  -ACOMMON=070h-07Fh -ABANK0=020h-06Fh -ABANK1=0A0h-0EFh \
  -ABANK2=0110h-016Fh -ABANK3=0190h-01EFh \
  -ARAM=020h-06Fh,0A0h-0EFh,0110h-016Fh,0190h-01EFh \
  -AABS1=020h-07Fh,0A0h-0EFh,0110h-016Fh,0190h-01EFh -ASFR0=00h-01Fh \
  -ASFR1=080h-09Fh -ASFR2=0100h-010Fh -ASFR3=0180h-018Fh \
  -ACONFIG=02007h-02008h -DCONFIG=2 -AIDLOC=02000h-02003h -DIDLOC=2 \
  -AEEDATA=00h-0FFh/02100h -peeprom_data=EEDATA -DEEDATA=2 -DCODE=2 \
  -DSTRCODE=2 -DSTRING=2 -DCONST=2 -DENTRY=2 \
  -preset_vec=00h,intentry,sivt,init,end_init -ppowerup=CODE -pcinit=CODE \
  -pfunctab=ENTRY -k \
  C:\Users\Admin\AppData\Local\Temp\xcBs1fc.1\driver_tmp_12.o \
  dist/default/production\I2C.X.production.o 

Object code version is 3.11

Machine type is 16F887



                Name                               Link     Load   Length Selector   Space Scale
C:\Users\Admin\AppData\Local\Temp\xcBs1fc.1\driver_tmp_12.o
                end_init                              0        0        3        0       0
                config                             2007     2007        2        0       4
dist/default/production\I2C.X.production.o
                cinit                               7F3      7F3        D      FE6       0
                config                             2007     2007        2        0       4
                text18                              3DF      3DF        D      7BE       0
                text17                              3BB      3BB        8      776       0
                text16                              3C3      3C3        8      786       0
                text15                              3D3      3D3        C      7A6       0
                text14                              48D      48D       22      91A       0
                text13                              40E      40E       15      81C       0
                text12                              423      423       16      846       0
                text11                              452      452       1A      8A4       0
                text10                              3CB      3CB        8      796       0
                text9                               6AB      6AB      148      D56       0
                text8                               3EC      3EC       11      7D8       0
                text7                               439      439       19      872       0
                text6                               510      510       44      A20       0
                text5                               4D6      4D6       3A      9AC       0
                text4                               3FD      3FD       11      7FA       0
                text3                               554      554       7C      AA8       0
                text2                               46C      46C       21      8D8       0
                text1                               4AF      4AF       27      95E       0
                maintext                            5D0      5D0       DB      BA0       0
                cstackBANK0                          20       20       24       20       1
                cstackCOMMON                         70       70        D       70       1
                bssBANK0                             44       44        6       20       1
                bssCOMMON                            7D       7D        1       70       1
                strings                               3        3       1E        6       0

TOTAL           Name                               Link     Load   Length     Space
        CLASS   CODE           
                end_init                              0        0        3         0
                cinit                               7F3      7F3        D         0
                text18                              3DF      3DF        D         0
                text17                              3BB      3BB        8         0
                text16                              3C3      3C3        8         0
                text15                              3D3      3D3        C         0
                text14                              48D      48D       22         0
                text13                              40E      40E       15         0
                text12                              423      423       16         0
                text11                              452      452       1A         0
                text10                              3CB      3CB        8         0
                text9                               6AB      6AB      148         0
                text8                               3EC      3EC       11         0
                text7                               439      439       19         0
                text6                               510      510       44         0
                text5                               4D6      4D6       3A         0
                text4                               3FD      3FD       11         0
                text3                               554      554       7C         0
                text2                               46C      46C       21         0
                text1                               4AF      4AF       27         0
                maintext                            5D0      5D0       DB         0

        CLASS   STRCODE        

        CLASS   STRING         
                strings                               3        3       1E         0

        CLASS   CONST          

        CLASS   ENTRY          

        CLASS   COMMON         
                cstackCOMMON                         70       70        D         1
                bssCOMMON                            7D       7D        1         1

        CLASS   BANK0          
                cstackBANK0                          20       20       24         1
                bssBANK0                             44       44        6         1

        CLASS   BANK1          

        CLASS   BANK2          

        CLASS   BANK3          

        CLASS   RAM            

        CLASS   ABS1           
                abs_s1                               7E       7E        2         1

        CLASS   SFR0           

        CLASS   SFR1           

        CLASS   SFR2           

        CLASS   SFR3           

        CLASS   CONFIG         
                config                             2007     2007        2         4

        CLASS   IDLOC          

        CLASS   EEDATA         

        CLASS   HEAP           

        CLASS   STACK          



SEGMENTS        Name                           Load    Length   Top    Selector   Space  Class     Delta

                reset_vec                      000000  000003  000003         0       0  CODE        2
                strings                        000003  00001E  000021         6       0  STRING      2
                cstackBANK0                    000020  00002A  00004A        20       1  BANK0       1
                cstackCOMMON                   000070  00000E  00007E        70       1  COMMON      1
                text17                         0003BB  000008  0003C3       776       0  CODE        2
                text16                         0003C3  000008  0003CB       786       0  CODE        2
                text10                         0003CB  000008  0003D3       796       0  CODE        2
                text15                         0003D3  00000C  0003DF       7A6       0  CODE        2
                text18                         0003DF  00000D  0003EC       7BE       0  CODE        2
                text8                          0003EC  000011  0003FD       7D8       0  CODE        2
                text4                          0003FD  000011  00040E       7FA       0  CODE        2
                text13                         00040E  000015  000423       81C       0  CODE        2
                text12                         000423  000016  000439       846       0  CODE        2
                text7                          000439  000019  000452       872       0  CODE        2
                text11                         000452  00001A  00046C       8A4       0  CODE        2
                text2                          00046C  000021  00048D       8D8       0  CODE        2
                text14                         00048D  000022  0004AF       91A       0  CODE        2
                text1                          0004AF  000027  0004D6       95E       0  CODE        2
                text5                          0004D6  00003A  000510       9AC       0  CODE        2
                text6                          000510  000044  000554       A20       0  CODE        2
                text3                          000554  00007C  0005D0       AA8       0  CODE        2
                maintext                       0005D0  0000DB  0006AB       BA0       0  CODE        2
                text9                          0006AB  000148  0007F3       D56       0  CODE        2
                cinit                          0007F3  00000D  000800       FE6       0  CODE        2


UNUSED ADDRESS RANGES

        Name                Unused          Largest block    Delta
        BANK0            004A-006F             26           1
        BANK1            00A0-00EF             50           1
        BANK2            0110-016F             60           1
        BANK3            0190-01EF             60           1
        CODE             0021-03BA            39A           2
                         0800-1FFF            800
        CONST            0021-03BA            100           2
                         0800-1FFF            100
        EEDATA           2100-21FF            100           2
        ENTRY            0021-03BA            100           2
                         0800-1FFF            100
        IDLOC            2000-2003              4           2
        RAM              004A-006F             26           1
                         00A0-00EF             50
                         0110-016F             60
                         0190-01EF             60
        SFR0             0000-001F             20           1
        SFR1             0080-009F             20           1
        SFR2             0100-010F             10           1
        SFR3             0180-018F             10           1
        STRCODE          0021-03BA            39A           2
                         0800-1FFF           1800
        STRING           0021-03BA            100           2
                         0800-1FFF            100

                                  Symbol Table

?___lwdiv                 cstackCOMMON 0070
?___lwmod                 cstackCOMMON 0070
BCD_To_Decimal@number     cstackCOMMON 0075
_BCD_To_Decimal           text12       0423
_BF                       (abs)        04A0
_PEN                      (abs)        048A
_PORTCbits                (abs)        0007
_PORTD                    (abs)        0008
_RSEN                     (abs)        0489
_SEN                      (abs)        0488
_SSPADD                   (abs)        0093
_SSPBUF                   (abs)        0013
_SSPCON                   (abs)        0014
_SSPCON2bits              (abs)        0091
_TRISCbits                (abs)        0087
_TRISD                    (abs)        0088
__H__absolute__           __absolute__ 0000
__Habs1                   abs1         0000
__Hbank0                  bank0        0000
__Hbank1                  bank1        0000
__Hbank2                  bank2        0000
__Hbank3                  bank3        0000
__HbssBANK0               bssBANK0     0000
__HbssCOMMON              bssCOMMON    0000
__Hcinit                  cinit        0800
__Hclrtext                clrtext      0000
__Hcode                   code         0000
__Hcommon                 common       0000
__Hconfig                 config       2009
__HcstackBANK0            cstackBANK0  0000
__HcstackCOMMON           cstackCOMMON 0000
__Heeprom_data            eeprom_data  0000
__Hend_init               end_init     0003
__Hfunctab                functab      0000
__Hheap                   heap         0000
__Hinit                   init         0000
__Hintentry               intentry     0000
__Hmaintext               maintext     0000
__Hpowerup                powerup      0000
__Hram                    ram          0000
__Hreset_vec              reset_vec    0000
__Hsfr0                   sfr0         0000
__Hsfr1                   sfr1         0000
__Hsfr2                   sfr2         0000
__Hsfr3                   sfr3         0000
__Hsivt                   sivt         0000
__Hspace_0                (abs)        0800
__Hspace_1                (abs)        007E
__Hspace_2                (abs)        0000
__Hspace_3                (abs)        0000
__Hspace_4                (abs)        4010
__Hstack                  stack        0000
__Hstrings                strings      0000
__Htext                   text         0000
__L__absolute__           __absolute__ 0000
__Labs1                   abs1         0000
__Lbank0                  bank0        0000
__Lbank1                  bank1        0000
__Lbank2                  bank2        0000
__Lbank3                  bank3        0000
__LbssBANK0               bssBANK0     0000
__LbssCOMMON              bssCOMMON    0000
__Lcinit                  cinit        07F3
__Lclrtext                clrtext      0000
__Lcode                   code         0000
__Lcommon                 common       0000
__Lconfig                 config       0000
__LcstackBANK0            cstackBANK0  0000
__LcstackCOMMON           cstackCOMMON 0000
__Leeprom_data            eeprom_data  0000
__Lend_init               end_init     0000
__Lfunctab                functab      0000
__Lheap                   heap         0000
__Linit                   init         0000
__Lintentry               intentry     0000
__Lmaintext               maintext     0000
__Lpowerup                powerup      0000
__Lram                    ram          0000
__Lreset_vec              reset_vec    0000
__Lsfr0                   sfr0         0000
__Lsfr1                   sfr1         0000
__Lsfr2                   sfr2         0000
__Lsfr3                   sfr3         0000
__Lsivt                   sivt         0000
__Lspace_0                (abs)        0000
__Lspace_1                (abs)        0000
__Lspace_2                (abs)        0000
__Lspace_3                (abs)        0000
__Lspace_4                (abs)        0000
__Lstack                  stack        0000
__Lstrings                strings      0000
__Ltext                   text         0000
__S0                      (abs)        0800
__S1                      (abs)        007E
__S3                      (abs)        0000
___bmul                   text13       040E
___bmul@multiplicand      cstackCOMMON 0070
___bmul@multiplier        cstackCOMMON 0072
___bmul@product           cstackCOMMON 0071
___heap_hi                (abs)        0000
___heap_lo                (abs)        0000
___int_sp                 stack        0000
___int_stack_hi           stack        0000
___int_stack_lo           stack        0000
___latbits                (abs)        0002
___lwdiv                  text6        0510
___lwdiv@counter          cstackCOMMON 0076
___lwdiv@dividend         cstackCOMMON 0072
___lwdiv@divisor          cstackCOMMON 0070
___lwdiv@quotient         cstackCOMMON 0074
___lwmod                  text5        04D6
___lwmod@counter          cstackCOMMON 0074
___lwmod@dividend         cstackCOMMON 0072
___lwmod@divisor          cstackCOMMON 0070
___sp                     stack        0000
___stack_hi               stack        0000
___stack_lo               stack        0000
___stackhi                (abs)        0000
___stacklo                (abs)        0000
__end_of_BCD_To_Decimal   text12       0439
__end_of___bmul           text13       0423
__end_of___lwdiv          text6        0554
__end_of___lwmod          text5        0510
__end_of__initialization  cinit        07FC
__end_of__stringtab       strings      0009
__end_of_ds1307_init      text14       04AF
__end_of_i2c_init         text18       03EC
__end_of_i2c_read         text11       046C
__end_of_i2c_readTime     text9        07F3
__end_of_i2c_repeat_start text10       03D3
__end_of_i2c_start        text17       03C3
__end_of_i2c_stop         text16       03CB
__end_of_i2c_write        text15       03DF
__end_of_lcd_command      text8        03FD
__end_of_lcd_data         text4        040E
__end_of_lcd_init         text7        0452
__end_of_lcd_number       text3        05D0
__end_of_lcd_setCursor    text2        048D
__end_of_lcd_string       text1        04D6
__end_of_main             maintext     06AB
__initialization          cinit        07F3
__pbssBANK0               bssBANK0     0044
__pbssCOMMON              bssCOMMON    007D
__pcstackBANK0            cstackBANK0  0020
__pcstackCOMMON           cstackCOMMON 0070
__pmaintext               maintext     05D0
__pstrings                strings      0003
__ptext1                  text1        04AF
__ptext10                 text10       03CB
__ptext11                 text11       0452
__ptext12                 text12       0423
__ptext13                 text13       040E
__ptext14                 text14       048D
__ptext15                 text15       03D3
__ptext16                 text16       03C3
__ptext17                 text17       03BB
__ptext18                 text18       03DF
__ptext2                  text2        046C
__ptext3                  text3        0554
__ptext4                  text4        03FD
__ptext5                  text5        04D6
__ptext6                  text6        0510
__ptext7                  text7        0439
__ptext8                  text8        03EC
__ptext9                  text9        06AB
__stringbase              strings      0008
__stringtab               strings      0003
_day                      bssBANK0     0046
_ds1307_init              text14       048D
_hour                     bssBANK0     0047
_i2c_init                 text18       03DF
_i2c_read                 text11       0452
_i2c_readTime             text9        06AB
_i2c_repeat_start         text10       03CB
_i2c_start                text17       03BB
_i2c_stop                 text16       03C3
_i2c_write                text15       03D3
_lcd_command              text8        03EC
_lcd_data                 text4        03FD
_lcd_init                 text7        0439
_lcd_number               text3        0554
_lcd_setCursor            text2        046C
_lcd_string               text1        04AF
_main                     maintext     05D0
_minute                   bssBANK0     0048
_month                    bssBANK0     0045
_second                   bssBANK0     0049
_weekDay                  bssCOMMON    007D
_year                     bssBANK0     0044
btemp                     (abs)        007E
end_of_initialization     cinit        07FC
i2c_read@tmp              cstackCOMMON 0071
i2c_read@u8Ack            cstackCOMMON 0070
i2c_write@Data            cstackCOMMON 0070
intlevel0                 functab      0000
intlevel1                 functab      0000
intlevel2                 functab      0000
intlevel3                 functab      0000
intlevel4                 functab      0000
intlevel5                 functab      0000
lcd_command@cmd           cstackCOMMON 0071
lcd_data@Data             cstackCOMMON 0071
lcd_number@a              cstackBANK0  0020
lcd_number@count          cstackBANK0  0042
lcd_number@num            cstackCOMMON 0077
lcd_number@temp           cstackBANK0  0040
lcd_setCursor@x           cstackCOMMON 0073
lcd_setCursor@y           cstackCOMMON 0072
lcd_string@i              cstackCOMMON 0072
lcd_string@string_data    cstackCOMMON 0074
reset_vec                 reset_vec    0000
start                     init         0000
start_initialization      cinit        07F3
wtemp0                    (abs)        007E


MODULE INFORMATION

Module		Function		Class		Link	Load	Size
./ds1307.h
		_BCD_To_Decimal		CODE           	0423	0000	22
		_ds1307_init   		CODE           	048D	0000	34
		_i2c_readTime  		CODE           	06AB	0000	328

./ds1307.h estimated size: 384

C:\Program Files\Microchip\xc8\v2.46\pic\sources\c99\common\lwdiv.c
		___lwdiv       		CODE           	0510	0000	68

C:\Program Files\Microchip\xc8\v2.46\pic\sources\c99\common\lwdiv.c estimated size: 68

C:\Program Files\Microchip\xc8\v2.46\pic\sources\c99\common\Umul8.c
		___bmul        		CODE           	040E	0000	21

C:\Program Files\Microchip\xc8\v2.46\pic\sources\c99\common\Umul8.c estimated size: 21

newmain.c
		_main          		CODE           	05D0	0000	219

newmain.c estimated size: 219

shared
		__stringtab    		STRING         	0003	0000	6
		__initialization		CODE           	07F3	0000	9

shared estimated size: 15

./lcd_8bit.h
		_lcd_command   		CODE           	03EC	0000	17
		_lcd_data      		CODE           	03FD	0000	17
		_lcd_setCursor 		CODE           	046C	0000	33
		_lcd_string    		CODE           	04AF	0000	39
		_lcd_init      		CODE           	0439	0000	25
		_lcd_number    		CODE           	0554	0000	124

./lcd_8bit.h estimated size: 255

./i2c.h
		_i2c_start     		CODE           	03BB	0000	8
		_i2c_repeat_start		CODE           	03CB	0000	8
		_i2c_write     		CODE           	03D3	0000	12
		_i2c_stop      		CODE           	03C3	0000	8
		_i2c_read      		CODE           	0452	0000	26
		_i2c_init      		CODE           	03DF	0000	13

./i2c.h estimated size: 75

C:\Program Files\Microchip\xc8\v2.46\pic\sources\c99\common\lwmod.c
		___lwmod       		CODE           	04D6	0000	58

C:\Program Files\Microchip\xc8\v2.46\pic\sources\c99\common\lwmod.c estimated size: 58

