Microchip MPLAB XC8 Compiler V2.46

Linker command line:

-W-3 \
  --edf=C:\Program Files\Microchip\xc8\v2.46\pic\dat\20240104201356_en.msgs \
  -cn -h+dist/default/debug\lcd.X.debug.sym \
  --cmf=dist/default/debug\lcd.X.debug.cmf -z -Q16F877A \
  -oC:\Users\Admin\AppData\Local\Temp\xcAs84o.\driver_tmp_3.o \
  --defsym=__MPLAB_BUILD=1 --fixupoverflow=error \
  -Mdist/default/debug/lcd.X.debug.map \
  --md=C:\Users\Admin\AppData\Local\Temp\xcAs84o.\driver_tmp_0.dat -E1 \
  -ver=XC8 Compiler --acfsm=1493 -ACODE=00h-07FFhx4 -ASTRCODE=00h-01FFFh \
  -ASTRING=00h-0FFhx32 -ACONST=00h-0FFhx32 -AENTRY=00h-0FFhx32 \
  -ACOMMON=070h-07Fh -ABANK0=020h-06Fh -ABANK1=0A0h-0EFh \
  -ABANK2=0110h-016Fh -ABANK3=0190h-01EFh \
  -ARAM=020h-06Fh,0A0h-0EFh,0110h-016Fh,0190h-01EFh \
  -AABS1=020h-07Fh,0A0h-0EFh,0110h-016Fh,0190h-01EFh -ASFR0=00h-01Fh \
  -ASFR1=080h-09Fh -ASFR2=0100h-010Fh -ASFR3=0180h-018Fh \
  -ACONFIG=02007h-02007h -DCONFIG=2 -AIDLOC=02000h-02003h -DIDLOC=2 \
  -AEEDATA=00h-0FFh/02100h -peeprom_data=EEDATA -DEEDATA=2 -DCODE=2 \
  -DSTRCODE=2 -DSTRING=2 -DCONST=2 -DENTRY=2 \
  -preset_vec=00h,intentry,sivt,init,end_init -ppowerup=CODE -pcinit=CODE \
  -pfunctab=ENTRY -k \
  C:\Users\Admin\AppData\Local\Temp\xcAs84o.\driver_tmp_12.o \
  dist/default/debug\lcd.X.debug.o 

Object code version is 3.11

Machine type is 16F877A



                Name                               Link     Load   Length Selector   Space Scale
C:\Users\Admin\AppData\Local\Temp\xcAs84o.\driver_tmp_12.o
                end_init                              0        0        3        0       0
                config                             2007     2007        1        0       4
dist/default/debug\lcd.X.debug.o
                cinit                               7F0      7F0       10      FE0       0
                config                             2007     2007        1        0       4
                text8                               61E      61E        C      C3C       0
                text7                               636      636       13      C6C       0
                text6                               6CB      6CB       44      D96       0
                text5                               691      691       3A      D22       0
                text4                               62A      62A        C      C54       0
                text3                               774      774       7C      EE8       0
                text2                               66A      66A       27      CD4       0
                text1                               649      649       21      C92       0
                maintext                            70F      70F       65      E1E       0
                cstackBANK0                          20       20       24       20       1
                cstackCOMMON                         70       70        C       70       1
                dataCOMMON                           7C       7C        2       70       1
                strings                               3        3        D        6       0
                idataCOMMON                         61C      61C        2      C38       0

TOTAL           Name                               Link     Load   Length     Space
        CLASS   CODE           
                end_init                              0        0        3         0
                cinit                               7F0      7F0       10         0
                text8                               61E      61E        C         0
                text7                               636      636       13         0
                text6                               6CB      6CB       44         0
                text5                               691      691       3A         0
                text4                               62A      62A        C         0
                text3                               774      774       7C         0
                text2                               66A      66A       27         0
                text1                               649      649       21         0
                maintext                            70F      70F       65         0
                idataCOMMON                         61C      61C        2         0

        CLASS   STRCODE        

        CLASS   STRING         
                strings                               3        3        D         0

        CLASS   CONST          

        CLASS   ENTRY          

        CLASS   COMMON         
                cstackCOMMON                         70       70        C         1
                dataCOMMON                           7C       7C        2         1

        CLASS   BANK0          
                cstackBANK0                          20       20       24         1

        CLASS   BANK1          

        CLASS   BANK2          

        CLASS   BANK3          

        CLASS   RAM            

        CLASS   ABS1           
                abs_s1                               7E       7E        2         1

        CLASS   SFR0           

        CLASS   SFR1           

        CLASS   SFR2           

        CLASS   SFR3           

        CLASS   CONFIG         
                config                             2007     2007        1         4

        CLASS   IDLOC          

        CLASS   EEDATA         

        CLASS   HEAP           

        CLASS   STACK          



SEGMENTS        Name                           Load    Length   Top    Selector   Space  Class     Delta

                reset_vec                      000000  000003  000003         0       0  CODE        2
                strings                        000003  00000D  000010         6       0  STRING      2
                cstackBANK0                    000020  000024  000044        20       1  BANK0       1
                cstackCOMMON                   000070  00000E  00007E        70       1  COMMON      1
                idataCOMMON                    00061C  000002  00061E       C38       0  CODE        2
                text8                          00061E  00000C  00062A       C3C       0  CODE        2
                text4                          00062A  00000C  000636       C54       0  CODE        2
                text7                          000636  000013  000649       C6C       0  CODE        2
                text1                          000649  000021  00066A       C92       0  CODE        2
                text2                          00066A  000027  000691       CD4       0  CODE        2
                text5                          000691  00003A  0006CB       D22       0  CODE        2
                text6                          0006CB  000044  00070F       D96       0  CODE        2
                maintext                       00070F  000065  000774       E1E       0  CODE        2
                text3                          000774  00007C  0007F0       EE8       0  CODE        2
                cinit                          0007F0  000010  000800       FE0       0  CODE        2


UNUSED ADDRESS RANGES

        Name                Unused          Largest block    Delta
        BANK0            0044-006F             2C           1
        BANK1            00A0-00EF             50           1
        BANK2            0110-016F             60           1
        BANK3            0190-01EF             60           1
        CODE             0010-061B            60C           2
                         0800-1FFF            800
        CONST            0010-061B            100           2
                         0800-1FFF            100
        EEDATA           2100-21FF            100           2
        ENTRY            0010-061B            100           2
                         0800-1FFF            100
        IDLOC            2000-2003              4           2
        RAM              0044-006F             2C           1
                         00A0-00EF             50
                         0110-016F             60
                         0190-01EF             60
        SFR0             0000-001F             20           1
        SFR1             0080-009F             20           1
        SFR2             0100-010F             10           1
        SFR3             0180-018F             10           1
        STRCODE          0010-061B            60C           2
                         0800-1FFF           1800
        STRING           0010-061B            100           2
                         0800-1FFF            100

                                  Symbol Table

?___lwdiv                cstackCOMMON 0070
?___lwmod                cstackCOMMON 0070
_PORTA                   (abs)        0005
_PORTAbits               (abs)        0005
_PORTBbits               (abs)        0006
_PORTCbits               (abs)        0007
_PORTD                   (abs)        0008
_TRISA                   (abs)        0085
_TRISAbits               (abs)        0085
_TRISBbits               (abs)        0086
_TRISC                   (abs)        0087
_TRISD                   (abs)        0088
__H__absolute__          __absolute__ 0000
__Habs1                  abs1         0000
__Hbank0                 bank0        0000
__Hbank1                 bank1        0000
__Hbank2                 bank2        0000
__Hbank3                 bank3        0000
__Hcinit                 cinit        0800
__Hclrtext               clrtext      0000
__Hcode                  code         0000
__Hcommon                common       0000
__Hconfig                config       2008
__HcstackBANK0           cstackBANK0  0000
__HcstackCOMMON          cstackCOMMON 0000
__HdataCOMMON            dataCOMMON   0000
__Heeprom_data           eeprom_data  0000
__Hend_init              end_init     0003
__Hfunctab               functab      0000
__Hheap                  heap         0000
__HidataCOMMON           idataCOMMON  0000
__Hinit                  init         0000
__Hintentry              intentry     0000
__Hmaintext              maintext     0000
__Hpowerup               powerup      0000
__Hram                   ram          0000
__Hreset_vec             reset_vec    0000
__Hsfr0                  sfr0         0000
__Hsfr1                  sfr1         0000
__Hsfr2                  sfr2         0000
__Hsfr3                  sfr3         0000
__Hsivt                  sivt         0000
__Hspace_0               (abs)        0800
__Hspace_1               (abs)        007E
__Hspace_2               (abs)        0000
__Hspace_3               (abs)        0000
__Hspace_4               (abs)        400F
__Hstack                 stack        0000
__Hstrings               strings      0000
__Htext                  text         0000
__L__absolute__          __absolute__ 0000
__Labs1                  abs1         0000
__Lbank0                 bank0        0000
__Lbank1                 bank1        0000
__Lbank2                 bank2        0000
__Lbank3                 bank3        0000
__Lcinit                 cinit        07F0
__Lclrtext               clrtext      0000
__Lcode                  code         0000
__Lcommon                common       0000
__Lconfig                config       0000
__LcstackBANK0           cstackBANK0  0000
__LcstackCOMMON          cstackCOMMON 0000
__LdataCOMMON            dataCOMMON   0000
__Leeprom_data           eeprom_data  0000
__Lend_init              end_init     0000
__Lfunctab               functab      0000
__Lheap                  heap         0000
__LidataCOMMON           idataCOMMON  0000
__Linit                  init         0000
__Lintentry              intentry     0000
__Lmaintext              maintext     0000
__Lpowerup               powerup      0000
__Lram                   ram          0000
__Lreset_vec             reset_vec    0000
__Lsfr0                  sfr0         0000
__Lsfr1                  sfr1         0000
__Lsfr2                  sfr2         0000
__Lsfr3                  sfr3         0000
__Lsivt                  sivt         0000
__Lspace_0               (abs)        0000
__Lspace_1               (abs)        0000
__Lspace_2               (abs)        0000
__Lspace_3               (abs)        0000
__Lspace_4               (abs)        0000
__Lstack                 stack        0000
__Lstrings               strings      0000
__Ltext                  text         0000
__S0                     (abs)        0800
__S1                     (abs)        007E
__S3                     (abs)        0000
___heap_hi               (abs)        0000
___heap_lo               (abs)        0000
___int_sp                stack        0000
___int_stack_hi          stack        0000
___int_stack_lo          stack        0000
___latbits               (abs)        0002
___lwdiv                 text6        06CB
___lwdiv@counter         cstackCOMMON 0076
___lwdiv@dividend        cstackCOMMON 0072
___lwdiv@divisor         cstackCOMMON 0070
___lwdiv@quotient        cstackCOMMON 0074
___lwmod                 text5        0691
___lwmod@counter         cstackCOMMON 0074
___lwmod@dividend        cstackCOMMON 0072
___lwmod@divisor         cstackCOMMON 0070
___sp                    stack        0000
___stack_hi              stack        0000
___stack_lo              stack        0000
___stackhi               (abs)        0000
___stacklo               (abs)        0000
__end_of___lwdiv         text6        070F
__end_of___lwmod         text5        06CB
__end_of__initialization cinit        07FC
__end_of__stringtab      strings      0009
__end_of_lcd_command     text8        062A
__end_of_lcd_data        text4        0636
__end_of_lcd_init        text7        0649
__end_of_lcd_number      text3        07F0
__end_of_lcd_string      text2        0691
__end_of_main            maintext     0774
__end_of_setCursor       text1        066A
__initialization         cinit        07F0
__pcstackBANK0           cstackBANK0  0020
__pcstackCOMMON          cstackCOMMON 0070
__pdataCOMMON            dataCOMMON   007C
__pidataCOMMON           idataCOMMON  061C
__pmaintext              maintext     070F
__pstrings               strings      0003
__ptext1                 text1        0649
__ptext2                 text2        066A
__ptext3                 text3        0774
__ptext4                 text4        062A
__ptext5                 text5        0691
__ptext6                 text6        06CB
__ptext7                 text7        0636
__ptext8                 text8        061E
__stringbase             strings      0008
__stringtab              strings      0003
_lcd_command             text8        061E
_lcd_data                text4        062A
_lcd_init                text7        0636
_lcd_number              text3        0774
_lcd_string              text2        066A
_main                    maintext     070F
_setCursor               text1        0649
btemp                    (abs)        007E
end_of_initialization    cinit        07FC
intlevel0                functab      0000
intlevel1                functab      0000
intlevel2                functab      0000
intlevel3                functab      0000
intlevel4                functab      0000
intlevel5                functab      0000
lcd_command@cmd          cstackCOMMON 0070
lcd_data@Data            cstackCOMMON 0070
lcd_number@a             cstackBANK0  0020
lcd_number@count         cstackBANK0  0042
lcd_number@num           cstackCOMMON 0077
lcd_number@temp          cstackBANK0  0040
lcd_string@i             cstackCOMMON 0072
lcd_string@string_data   cstackCOMMON 0071
main@count               cstackCOMMON 007A
reset_vec                reset_vec    0000
setCursor@x              cstackCOMMON 0072
setCursor@y              cstackCOMMON 0071
start                    init         0000
start_initialization     cinit        07F0
wtemp0                   (abs)        007E


MODULE INFORMATION

Module		Function		Class		Link	Load	Size
C:\Program Files\Microchip\xc8\v2.46\pic\sources\c99\common\lwdiv.c
		___lwdiv       		CODE           	06CB	0000	68

C:\Program Files\Microchip\xc8\v2.46\pic\sources\c99\common\lwdiv.c estimated size: 68

newmain.c
		_main          		CODE           	070F	0000	101

newmain.c estimated size: 101

shared
		__stringtab    		STRING         	0003	0000	6
		__initialization		CODE           	07F0	0000	12

shared estimated size: 18

./lcd_8bit.h
		_lcd_command   		CODE           	061E	0000	12
		_lcd_data      		CODE           	062A	0000	12
		_setCursor     		CODE           	0649	0000	33
		_lcd_string    		CODE           	066A	0000	39
		_lcd_init      		CODE           	0636	0000	19
		_lcd_number    		CODE           	0774	0000	124

./lcd_8bit.h estimated size: 239

C:\Program Files\Microchip\xc8\v2.46\pic\sources\c99\common\lwmod.c
		___lwmod       		CODE           	0691	0000	58

C:\Program Files\Microchip\xc8\v2.46\pic\sources\c99\common\lwmod.c estimated size: 58

