Microchip MPLAB XC8 Compiler V2.46

Linker command line:

-W-3 \
  --edf=C:\Program Files\Microchip\xc8\v2.46\pic\dat\20240104201356_en.msgs \
  -cn -h+dist/default/production\DAC_877a.X.production.sym \
  --cmf=dist/default/production\DAC_877a.X.production.cmf -z -Q16F877A \
  -oC:\Users\Admin\AppData\Local\Temp\xcAsalg.\driver_tmp_3.o \
  --defsym=__MPLAB_BUILD=1 --fixupoverflow=error \
  -Mdist/default/production/DAC_877a.X.production.map \
  --md=C:\Users\Admin\AppData\Local\Temp\xcAsalg.\driver_tmp_0.dat -E1 \
  -ver=XC8 Compiler --acfsm=1493 -ACODE=00h-07FFhx4 -ASTRCODE=00h-01FFFh \
  -ASTRING=00h-0FFhx32 -ACONST=00h-0FFhx32 -AENTRY=00h-0FFhx32 \
  -ACOMMON=070h-07Fh -ABANK0=020h-06Fh -ABANK1=0A0h-0EFh \
  -ABANK2=0110h-016Fh -ABANK3=0190h-01EFh \
  -ARAM=020h-06Fh,0A0h-0EFh,0110h-016Fh,0190h-01EFh \
  -AABS1=020h-07Fh,0A0h-0EFh,0110h-016Fh,0190h-01EFh -ASFR0=00h-01Fh \
  -ASFR1=080h-09Fh -ASFR2=0100h-010Fh -ASFR3=0180h-018Fh \
  -ACONFIG=02007h-02007h -DCONFIG=2 -AIDLOC=02000h-02003h -DIDLOC=2 \
  -AEEDATA=00h-0FFh/02100h -peeprom_data=EEDATA -DEEDATA=2 -DCODE=2 \
  -DSTRCODE=2 -DSTRING=2 -DCONST=2 -DENTRY=2 \
  -preset_vec=00h,intentry,sivt,init,end_init -ppowerup=CODE -pcinit=CODE \
  -pfunctab=ENTRY -k \
  C:\Users\Admin\AppData\Local\Temp\xcAsalg.\driver_tmp_12.o \
  dist/default/production\DAC_877a.X.production.o 

Object code version is 3.11

Machine type is 16F877A



                Name                               Link     Load   Length Selector   Space Scale
C:\Users\Admin\AppData\Local\Temp\xcAsalg.\driver_tmp_12.o
                end_init                              0        0        3        0       0
dist/default/production\DAC_877a.X.production.o
                cinit                               7F0      7F0       10      FE0       0
                text13                              2F0      2F0        9      5E0       0
                text12                              30D      30D        E      61A       0
                text11                              621      621      1CF      C42       0
                text10                              3F4      3F4       78      7E8       0
                text9                               569      569       B8      AD2       0
                text8                               2F9      2F9        A      5F2       0
                text7                               31B      31B       13      636       0
                text6                               3B0      3B0       44      760       0
                text5                               376      376       3A      6EC       0
                text4                               303      303        A      606       0
                text3                               46C      46C       7C      8D8       0
                text2                               32E      32E       21      65C       0
                text1                               34F      34F       27      69E       0
                maintext                            4E8      4E8       81      9D0       0
                cstackBANK0                          20       20       26       20       1
                cstackCOMMON                         70       70        E       70       1
                dataBANK0                            46       46        2       20       1
                strings                               3        3       12        6       0
                idataBANK0                          2EE      2EE        2      5DC       0

TOTAL           Name                               Link     Load   Length     Space
        CLASS   CODE           
                end_init                              0        0        3         0
                cinit                               7F0      7F0       10         0
                text13                              2F0      2F0        9         0
                text12                              30D      30D        E         0
                text11                              621      621      1CF         0
                text10                              3F4      3F4       78         0
                text9                               569      569       B8         0
                text8                               2F9      2F9        A         0
                text7                               31B      31B       13         0
                text6                               3B0      3B0       44         0
                text5                               376      376       3A         0
                text4                               303      303        A         0
                text3                               46C      46C       7C         0
                text2                               32E      32E       21         0
                text1                               34F      34F       27         0
                maintext                            4E8      4E8       81         0
                idataBANK0                          2EE      2EE        2         0

        CLASS   STRCODE        

        CLASS   STRING         
                strings                               3        3       12         0

        CLASS   CONST          

        CLASS   ENTRY          

        CLASS   COMMON         
                cstackCOMMON                         70       70        E         1

        CLASS   BANK0          
                cstackBANK0                          20       20       26         1
                dataBANK0                            46       46        2         1

        CLASS   BANK1          

        CLASS   BANK2          

        CLASS   BANK3          

        CLASS   RAM            

        CLASS   ABS1           
                abs_s1                               7E       7E        2         1

        CLASS   SFR0           

        CLASS   SFR1           

        CLASS   SFR2           

        CLASS   SFR3           

        CLASS   CONFIG         

        CLASS   IDLOC          

        CLASS   EEDATA         

        CLASS   HEAP           

        CLASS   STACK          



SEGMENTS        Name                           Load    Length   Top    Selector   Space  Class     Delta

                reset_vec                      000000  000003  000003         0       0  CODE        2
                strings                        000003  000012  000015         6       0  STRING      2
                cstackBANK0                    000020  000028  000048        20       1  BANK0       1
                cstackCOMMON                   000070  00000E  00007E        70       1  COMMON      1
                idataBANK0                     0002EE  000002  0002F0       5DC       0  CODE        2
                text13                         0002F0  000009  0002F9       5E0       0  CODE        2
                text8                          0002F9  00000A  000303       5F2       0  CODE        2
                text4                          000303  00000A  00030D       606       0  CODE        2
                text12                         00030D  00000E  00031B       61A       0  CODE        2
                text7                          00031B  000013  00032E       636       0  CODE        2
                text2                          00032E  000021  00034F       65C       0  CODE        2
                text1                          00034F  000027  000376       69E       0  CODE        2
                text5                          000376  00003A  0003B0       6EC       0  CODE        2
                text6                          0003B0  000044  0003F4       760       0  CODE        2
                text10                         0003F4  000078  00046C       7E8       0  CODE        2
                text3                          00046C  00007C  0004E8       8D8       0  CODE        2
                maintext                       0004E8  000081  000569       9D0       0  CODE        2
                text9                          000569  0000B8  000621       AD2       0  CODE        2
                text11                         000621  0001CF  0007F0       C42       0  CODE        2
                cinit                          0007F0  000010  000800       FE0       0  CODE        2


UNUSED ADDRESS RANGES

        Name                Unused          Largest block    Delta
        BANK0            0048-006F             28           1
        BANK1            00A0-00EF             50           1
        BANK2            0110-016F             60           1
        BANK3            0190-01EF             60           1
        CODE             0015-02ED            2D9           2
                         0800-1FFF            800
        CONFIG           2007-2007              1           2
        CONST            0015-02ED            100           2
                         0800-1FFF            100
        EEDATA           2100-21FF            100           2
        ENTRY            0015-02ED            100           2
                         0800-1FFF            100
        IDLOC            2000-2003              4           2
        RAM              0048-006F             28           1
                         00A0-00EF             50
                         0110-016F             60
                         0190-01EF             60
        SFR0             0000-001F             20           1
        SFR1             0080-009F             20           1
        SFR2             0100-010F             10           1
        SFR3             0180-018F             10           1
        STRCODE          0015-02ED            2D9           2
                         0800-1FFF           1800
        STRING           0015-02ED            100           2
                         0800-1FFF            100

                                  Symbol Table

?_ADC_read               cstackCOMMON 0070
?___fldiv                cstackBANK0  0020
?___fltol                cstackBANK0  003A
?___lwdiv                cstackCOMMON 0070
?___lwmod                cstackCOMMON 0070
?___xxtofl               cstackCOMMON 0070
_ADCON0                  (abs)        001F
_ADCON1                  (abs)        009F
_ADC_init                text13       02F0
_ADC_read                text12       030D
_ADRESH                  (abs)        001E
_ADRESL                  (abs)        009E
_GO_nDONE                (abs)        00FA
_PORTCbits               (abs)        0007
_PORTD                   (abs)        0008
_TRISC                   (abs)        0087
_TRISD                   (abs)        0088
__H__absolute__          __absolute__ 0000
__Habs1                  abs1         0000
__Hbank0                 bank0        0000
__Hbank1                 bank1        0000
__Hbank2                 bank2        0000
__Hbank3                 bank3        0000
__Hcinit                 cinit        0800
__Hclrtext               clrtext      0000
__Hcode                  code         0000
__Hcommon                common       0000
__HcstackBANK0           cstackBANK0  0000
__HcstackCOMMON          cstackCOMMON 0000
__HdataBANK0             dataBANK0    0000
__Heeprom_data           eeprom_data  0000
__Hend_init              end_init     0003
__Hfunctab               functab      0000
__Hheap                  heap         0000
__HidataBANK0            idataBANK0   0000
__Hinit                  init         0000
__Hintentry              intentry     0000
__Hmaintext              maintext     0000
__Hpowerup               powerup      0000
__Hram                   ram          0000
__Hreset_vec             reset_vec    0000
__Hsfr0                  sfr0         0000
__Hsfr1                  sfr1         0000
__Hsfr2                  sfr2         0000
__Hsfr3                  sfr3         0000
__Hsivt                  sivt         0000
__Hspace_0               (abs)        0800
__Hspace_1               (abs)        007E
__Hspace_2               (abs)        0000
__Hspace_3               (abs)        0000
__Hstack                 stack        0000
__Hstrings               strings      0000
__Htext                  text         0000
__L__absolute__          __absolute__ 0000
__Labs1                  abs1         0000
__Lbank0                 bank0        0000
__Lbank1                 bank1        0000
__Lbank2                 bank2        0000
__Lbank3                 bank3        0000
__Lcinit                 cinit        07F0
__Lclrtext               clrtext      0000
__Lcode                  code         0000
__Lcommon                common       0000
__LcstackBANK0           cstackBANK0  0000
__LcstackCOMMON          cstackCOMMON 0000
__LdataBANK0             dataBANK0    0000
__Leeprom_data           eeprom_data  0000
__Lend_init              end_init     0000
__Lfunctab               functab      0000
__Lheap                  heap         0000
__LidataBANK0            idataBANK0   0000
__Linit                  init         0000
__Lintentry              intentry     0000
__Lmaintext              maintext     0000
__Lpowerup               powerup      0000
__Lram                   ram          0000
__Lreset_vec             reset_vec    0000
__Lsfr0                  sfr0         0000
__Lsfr1                  sfr1         0000
__Lsfr2                  sfr2         0000
__Lsfr3                  sfr3         0000
__Lsivt                  sivt         0000
__Lspace_0               (abs)        0000
__Lspace_1               (abs)        0000
__Lspace_2               (abs)        0000
__Lspace_3               (abs)        0000
__Lstack                 stack        0000
__Lstrings               strings      0000
__Ltext                  text         0000
__S0                     (abs)        0800
__S1                     (abs)        007E
__S3                     (abs)        0000
___fldiv                 text11       0621
___fldiv@a               cstackBANK0  0020
___fldiv@aexp            cstackBANK0  0039
___fldiv@b               cstackBANK0  0024
___fldiv@bexp            cstackBANK0  0038
___fldiv@grs             cstackBANK0  0034
___fldiv@new_exp         cstackBANK0  0032
___fldiv@rem             cstackBANK0  002D
___fldiv@sign            cstackBANK0  0031
___fltol                 text10       03F4
___fltol@exp1            cstackBANK0  0043
___fltol@f1              cstackBANK0  003A
___fltol@sign1           cstackBANK0  0042
___heap_hi               (abs)        0000
___heap_lo               (abs)        0000
___int_sp                stack        0000
___int_stack_hi          stack        0000
___int_stack_lo          stack        0000
___latbits               (abs)        0002
___lwdiv                 text6        03B0
___lwdiv@counter         cstackCOMMON 0076
___lwdiv@dividend        cstackCOMMON 0072
___lwdiv@divisor         cstackCOMMON 0070
___lwdiv@quotient        cstackCOMMON 0074
___lwmod                 text5        0376
___lwmod@counter         cstackCOMMON 0074
___lwmod@dividend        cstackCOMMON 0072
___lwmod@divisor         cstackCOMMON 0070
___sp                    stack        0000
___stack_hi              stack        0000
___stack_lo              stack        0000
___stackhi               (abs)        0000
___stacklo               (abs)        0000
___xxtofl                text9        0569
___xxtofl@arg            cstackCOMMON 007A
___xxtofl@exp            cstackCOMMON 0079
___xxtofl@sign           cstackCOMMON 0078
___xxtofl@val            cstackCOMMON 0070
__end_of_ADC_init        text13       02F9
__end_of_ADC_read        text12       031B
__end_of___fldiv         text11       07F0
__end_of___fltol         text10       046C
__end_of___lwdiv         text6        03F4
__end_of___lwmod         text5        03B0
__end_of___xxtofl        text9        0621
__end_of__initialization cinit        07FC
__end_of__stringtab      strings      0009
__end_of_lcd_command     text8        0303
__end_of_lcd_data        text4        030D
__end_of_lcd_init        text7        032E
__end_of_lcd_number      text3        04E8
__end_of_lcd_setCursor   text2        034F
__end_of_lcd_string      text1        0376
__end_of_main            maintext     0569
__initialization         cinit        07F0
__pcstackBANK0           cstackBANK0  0020
__pcstackCOMMON          cstackCOMMON 0070
__pdataBANK0             dataBANK0    0046
__pidataBANK0            idataBANK0   02EE
__pmaintext              maintext     04E8
__pstrings               strings      0003
__ptext1                 text1        034F
__ptext10                text10       03F4
__ptext11                text11       0621
__ptext12                text12       030D
__ptext13                text13       02F0
__ptext2                 text2        032E
__ptext3                 text3        046C
__ptext4                 text4        0303
__ptext5                 text5        0376
__ptext6                 text6        03B0
__ptext7                 text7        031B
__ptext8                 text8        02F9
__ptext9                 text9        0569
__stringbase             strings      0008
__stringtab              strings      0003
_lcd_command             text8        02F9
_lcd_data                text4        0303
_lcd_init                text7        031B
_lcd_number              text3        046C
_lcd_setCursor           text2        032E
_lcd_string              text1        034F
_main                    maintext     04E8
btemp                    (abs)        007E
end_of_initialization    cinit        07FC
intlevel0                functab      0000
intlevel1                functab      0000
intlevel2                functab      0000
intlevel3                functab      0000
intlevel4                functab      0000
intlevel5                functab      0000
lcd_command@cmd          cstackCOMMON 0070
lcd_data@Data            cstackCOMMON 0070
lcd_number@a             cstackBANK0  0020
lcd_number@count         cstackBANK0  0042
lcd_number@num           cstackCOMMON 0077
lcd_number@temp          cstackBANK0  0040
lcd_setCursor@x          cstackCOMMON 0072
lcd_setCursor@y          cstackCOMMON 0071
lcd_string@i             cstackCOMMON 0071
lcd_string@string_data   cstackCOMMON 0073
main@value               cstackBANK0  0044
reset_vec                reset_vec    0000
start                    init         0000
start_initialization     cinit        07F0
wtemp0                   (abs)        007E


MODULE INFORMATION

Module		Function		Class		Link	Load	Size
C:\Program Files\Microchip\xc8\v2.46\pic\sources\c99\common\fltol.c
		___fltol       		CODE           	03F4	0000	120

C:\Program Files\Microchip\xc8\v2.46\pic\sources\c99\common\fltol.c estimated size: 120

C:\Program Files\Microchip\xc8\v2.46\pic\sources\c99\common\lwdiv.c
		___lwdiv       		CODE           	03B0	0000	68

C:\Program Files\Microchip\xc8\v2.46\pic\sources\c99\common\lwdiv.c estimated size: 68

C:\Program Files\Microchip\xc8\v2.46\pic\sources\c99\common\xxtofl.c
		___xxtofl      		CODE           	0569	0000	184

C:\Program Files\Microchip\xc8\v2.46\pic\sources\c99\common\xxtofl.c estimated size: 184

newmain.c
		_main          		CODE           	04E8	0000	129
		_ADC_read      		CODE           	030D	0000	14
		_ADC_init      		CODE           	02F0	0000	9

newmain.c estimated size: 152

C:\Program Files\Microchip\xc8\v2.46\pic\sources\c99\common\sprcdiv.c
		___fldiv       		CODE           	0621	0000	463

C:\Program Files\Microchip\xc8\v2.46\pic\sources\c99\common\sprcdiv.c estimated size: 463

shared
		__stringtab    		STRING         	0003	0000	6
		__initialization		CODE           	07F0	0000	12

shared estimated size: 18

./lcd_8bit.h
		_lcd_command   		CODE           	02F9	0000	10
		_lcd_data      		CODE           	0303	0000	10
		_lcd_setCursor 		CODE           	032E	0000	33
		_lcd_string    		CODE           	034F	0000	39
		_lcd_init      		CODE           	031B	0000	19
		_lcd_number    		CODE           	046C	0000	124

./lcd_8bit.h estimated size: 235

C:\Program Files\Microchip\xc8\v2.46\pic\sources\c99\common\lwmod.c
		___lwmod       		CODE           	0376	0000	58

C:\Program Files\Microchip\xc8\v2.46\pic\sources\c99\common\lwmod.c estimated size: 58

