Microchip MPLAB XC8 Compiler V2.46

Linker command line:

-W-3 \
  --edf=C:\Program Files\Microchip\xc8\v2.46\pic\dat\20240104201356_en.msgs \
  -cn -h+dist/default/production\EPPROM.X.production.sym \
  --cmf=dist/default/production\EPPROM.X.production.cmf -z -Q16F887 \
  -oC:\Users\Admin\AppData\Local\Temp\xcBs6u8.1\driver_tmp_3.o \
  --defsym=__MPLAB_BUILD=1 --fixupoverflow=error \
  -Mdist/default/production/EPPROM.X.production.map \
  --md=C:\Users\Admin\AppData\Local\Temp\xcBs6u8.1\driver_tmp_0.dat -E1 \
  -ver=XC8 Compiler --acfsm=1493 -ACODE=00h-07FFhx4 -ASTRCODE=00h-01FFFh \
  -ASTRING=00h-0FFhx32 -ACONST=00h-0FFhx32 -AENTRY=00h-0FFhx32 \
  -ACOMMON=070h-07Fh -ABANK0=020h-06Fh -ABANK1=0A0h-0EFh \
  -ABANK2=0110h-016Fh -ABANK3=0190h-01EFh \
  -ARAM=020h-06Fh,0A0h-0EFh,0110h-016Fh,0190h-01EFh \
  -AABS1=020h-07Fh,0A0h-0EFh,0110h-016Fh,0190h-01EFh -ASFR0=00h-01Fh \
  -ASFR1=080h-09Fh -ASFR2=0100h-010Fh -ASFR3=0180h-018Fh \
  -ACONFIG=02007h-02008h -DCONFIG=2 -AIDLOC=02000h-02003h -DIDLOC=2 \
  -AEEDATA=00h-0FFh/02100h -peeprom_data=EEDATA -DEEDATA=2 -DCODE=2 \
  -DSTRCODE=2 -DSTRING=2 -DCONST=2 -DENTRY=2 \
  -preset_vec=00h,intentry,sivt,init,end_init -ppowerup=CODE -pcinit=CODE \
  -pfunctab=ENTRY -k \
  C:\Users\Admin\AppData\Local\Temp\xcBs6u8.1\driver_tmp_12.o \
  dist/default/production\EPPROM.X.production.o 

Object code version is 3.11

Machine type is 16F887



                Name                               Link     Load   Length Selector   Space Scale
C:\Users\Admin\AppData\Local\Temp\xcBs6u8.1\driver_tmp_12.o
                end_init                              0        0        3        0       0
                config                             2007     2007        2        0       4
dist/default/production\EPPROM.X.production.o
                cinit                               7F0      7F0       10      FE0       0
                config                             2007     2007        2        0       4
                text9                               63A      63A        F      C74       0
                text8                               649      649       19      C92       0
                text7                               6C3      6C3       2A      D86       0
                text6                               626      626        A      C4C       0
                text5                               61F      61F        7      C3E       0
                text4                               662      662       19      CC4       0
                text3                               67B      67B       21      CF6       0
                text2                               630      630        A      C60       0
                text1                               69C      69C       27      D38       0
                maintext                            6ED      6ED      103      DDA       0
                cstackBANK0                          20       20       12       20       1
                cstackCOMMON                         70       70        9       70       1
                dataCOMMON                           79       79        2       70       1
                strings                               3        3       69        6       0
                idataCOMMON                         61D      61D        2      C3A       0

TOTAL           Name                               Link     Load   Length     Space
        CLASS   CODE           
                end_init                              0        0        3         0
                cinit                               7F0      7F0       10         0
                text9                               63A      63A        F         0
                text8                               649      649       19         0
                text7                               6C3      6C3       2A         0
                text6                               626      626        A         0
                text5                               61F      61F        7         0
                text4                               662      662       19         0
                text3                               67B      67B       21         0
                text2                               630      630        A         0
                text1                               69C      69C       27         0
                maintext                            6ED      6ED      103         0
                idataCOMMON                         61D      61D        2         0

        CLASS   STRCODE        

        CLASS   STRING         
                strings                               3        3       69         0

        CLASS   CONST          

        CLASS   ENTRY          

        CLASS   COMMON         
                cstackCOMMON                         70       70        9         1
                dataCOMMON                           79       79        2         1

        CLASS   BANK0          
                cstackBANK0                          20       20       12         1

        CLASS   BANK1          

        CLASS   BANK2          

        CLASS   BANK3          

        CLASS   RAM            

        CLASS   ABS1           
                abs_s1                               7E       7E        2         1

        CLASS   SFR0           

        CLASS   SFR1           

        CLASS   SFR2           

        CLASS   SFR3           

        CLASS   CONFIG         
                config                             2007     2007        2         4

        CLASS   IDLOC          

        CLASS   EEDATA         

        CLASS   HEAP           

        CLASS   STACK          



SEGMENTS        Name                           Load    Length   Top    Selector   Space  Class     Delta

                reset_vec                      000000  000003  000003         0       0  CODE        2
                strings                        000003  000069  00006C         6       0  STRING      2
                cstackBANK0                    000020  000012  000032        20       1  BANK0       1
                cstackCOMMON                   000070  00000B  00007B        70       1  COMMON      1
                idataCOMMON                    00061D  000002  00061F       C3A       0  CODE        2
                text5                          00061F  000007  000626       C3E       0  CODE        2
                text6                          000626  00000A  000630       C4C       0  CODE        2
                text2                          000630  00000A  00063A       C60       0  CODE        2
                text9                          00063A  00000F  000649       C74       0  CODE        2
                text8                          000649  000019  000662       C92       0  CODE        2
                text4                          000662  000019  00067B       CC4       0  CODE        2
                text3                          00067B  000021  00069C       CF6       0  CODE        2
                text1                          00069C  000027  0006C3       D38       0  CODE        2
                text7                          0006C3  00002A  0006ED       D86       0  CODE        2
                maintext                       0006ED  000103  0007F0       DDA       0  CODE        2
                cinit                          0007F0  000010  000800       FE0       0  CODE        2


UNUSED ADDRESS RANGES

        Name                Unused          Largest block    Delta
        BANK0            0032-006F             3E           1
        BANK1            00A0-00EF             50           1
        BANK2            0110-016F             60           1
        BANK3            0190-01EF             60           1
        CODE             006C-061C            5B1           2
                         0800-1FFF            800
        COMMON           007B-007D              3           1
        CONST            006C-061C            100           2
                         0800-1FFF            100
        EEDATA           2100-21FF            100           2
        ENTRY            006C-061C            100           2
                         0800-1FFF            100
        IDLOC            2000-2003              4           2
        RAM              0032-006F             3E           1
                         00A0-00EF             50
                         0110-016F             60
                         0190-01EF             60
        SFR0             0000-001F             20           1
        SFR1             0080-009F             20           1
        SFR2             0100-010F             10           1
        SFR3             0180-018F             10           1
        STRCODE          006C-061C            5B1           2
                         0800-1FFF           1800
        STRING           006C-061C            100           2
                         0800-1FFF            100

                                  Symbol Table

EEPROM_read@ADR              cstackCOMMON 0070
EEPROM_read@Data             cstackCOMMON 0071
EEPROM_write@ADR             cstackCOMMON 0071
EEPROM_write@Data            cstackCOMMON 0070
EEPROM_write_string@ADR      cstackCOMMON 0073
EEPROM_write_string@Data     cstackCOMMON 0072
EEPROM_write_string@i        cstackCOMMON 0074
_EEADR                       (abs)        010D
_EECON2                      (abs)        018D
_EEDAT                       (abs)        010C
_EEIF                        (abs)        006C
_EEPGD                       (abs)        0C67
_EEPROM_read                 text9        063A
_EEPROM_write                text8        0649
_EEPROM_write_string         text7        06C3
_GIE                         (abs)        005F
_PORTB                       (abs)        0006
_PORTCbits                   (abs)        0007
_RD                          (abs)        0C60
_TRISB                       (abs)        0086
_TRISCbits                   (abs)        0087
_WR                          (abs)        0C61
_WREN                        (abs)        0C62
__H__absolute__              __absolute__ 0000
__Habs1                      abs1         0000
__Hbank0                     bank0        0000
__Hbank1                     bank1        0000
__Hbank2                     bank2        0000
__Hbank3                     bank3        0000
__Hcinit                     cinit        0800
__Hclrtext                   clrtext      0000
__Hcode                      code         0000
__Hcommon                    common       0000
__Hconfig                    config       2009
__HcstackBANK0               cstackBANK0  0000
__HcstackCOMMON              cstackCOMMON 0000
__HdataCOMMON                dataCOMMON   0000
__Heeprom_data               eeprom_data  0000
__Hend_init                  end_init     0003
__Hfunctab                   functab      0000
__Hheap                      heap         0000
__HidataCOMMON               idataCOMMON  0000
__Hinit                      init         0000
__Hintentry                  intentry     0000
__Hmaintext                  maintext     0000
__Hpowerup                   powerup      0000
__Hram                       ram          0000
__Hreset_vec                 reset_vec    0000
__Hsfr0                      sfr0         0000
__Hsfr1                      sfr1         0000
__Hsfr2                      sfr2         0000
__Hsfr3                      sfr3         0000
__Hsivt                      sivt         0000
__Hspace_0                   (abs)        0800
__Hspace_1                   (abs)        007B
__Hspace_2                   (abs)        0000
__Hspace_3                   (abs)        0000
__Hspace_4                   (abs)        4010
__Hstack                     stack        0000
__Hstrings                   strings      0000
__Htext                      text         0000
__L__absolute__              __absolute__ 0000
__Labs1                      abs1         0000
__Lbank0                     bank0        0000
__Lbank1                     bank1        0000
__Lbank2                     bank2        0000
__Lbank3                     bank3        0000
__Lcinit                     cinit        07F0
__Lclrtext                   clrtext      0000
__Lcode                      code         0000
__Lcommon                    common       0000
__Lconfig                    config       0000
__LcstackBANK0               cstackBANK0  0000
__LcstackCOMMON              cstackCOMMON 0000
__LdataCOMMON                dataCOMMON   0000
__Leeprom_data               eeprom_data  0000
__Lend_init                  end_init     0000
__Lfunctab                   functab      0000
__Lheap                      heap         0000
__LidataCOMMON               idataCOMMON  0000
__Linit                      init         0000
__Lintentry                  intentry     0000
__Lmaintext                  maintext     0000
__Lpowerup                   powerup      0000
__Lram                       ram          0000
__Lreset_vec                 reset_vec    0000
__Lsfr0                      sfr0         0000
__Lsfr1                      sfr1         0000
__Lsfr2                      sfr2         0000
__Lsfr3                      sfr3         0000
__Lsivt                      sivt         0000
__Lspace_0                   (abs)        0000
__Lspace_1                   (abs)        0000
__Lspace_2                   (abs)        0000
__Lspace_3                   (abs)        0000
__Lspace_4                   (abs)        0000
__Lstack                     stack        0000
__Lstrings                   strings      0000
__Ltext                      text         0000
__S0                         (abs)        0800
__S1                         (abs)        007B
__S3                         (abs)        0000
___heap_hi                   (abs)        0000
___heap_lo                   (abs)        0000
___int_sp                    stack        0000
___int_stack_hi              stack        0000
___int_stack_lo              stack        0000
___latbits                   (abs)        0002
___sp                        stack        0000
___stack_hi                  stack        0000
___stack_lo                  stack        0000
___stackhi                   (abs)        0000
___stacklo                   (abs)        0000
__end_of_EEPROM_read         text9        0649
__end_of_EEPROM_write        text8        0662
__end_of_EEPROM_write_string text7        06ED
__end_of__initialization     cinit        07FC
__end_of__stringtab          strings      0009
__end_of_lcd_clear           text5        0626
__end_of_lcd_command         text6        0630
__end_of_lcd_data            text2        063A
__end_of_lcd_init            text4        067B
__end_of_lcd_setCursor       text3        069C
__end_of_lcd_string          text1        06C3
__end_of_main                maintext     07F0
__initialization             cinit        07F0
__pcstackBANK0               cstackBANK0  0020
__pcstackCOMMON              cstackCOMMON 0070
__pdataCOMMON                dataCOMMON   0079
__pidataCOMMON               idataCOMMON  061D
__pmaintext                  maintext     06ED
__pstrings                   strings      0003
__ptext1                     text1        069C
__ptext2                     text2        0630
__ptext3                     text3        067B
__ptext4                     text4        0662
__ptext5                     text5        061F
__ptext6                     text6        0626
__ptext7                     text7        06C3
__ptext8                     text8        0649
__ptext9                     text9        063A
__stringbase                 strings      0008
__stringtab                  strings      0003
_lcd_clear                   text5        061F
_lcd_command                 text6        0626
_lcd_data                    text2        0630
_lcd_init                    text4        0662
_lcd_setCursor               text3        067B
_lcd_string                  text1        069C
_main                        maintext     06ED
btemp                        (abs)        007E
end_of_initialization        cinit        07FC
intlevel0                    functab      0000
intlevel1                    functab      0000
intlevel2                    functab      0000
intlevel3                    functab      0000
intlevel4                    functab      0000
intlevel5                    functab      0000
lcd_command@cmd              cstackCOMMON 0070
lcd_data@Data                cstackCOMMON 0070
lcd_setCursor@x              cstackCOMMON 0072
lcd_setCursor@y              cstackCOMMON 0071
lcd_string@i                 cstackCOMMON 0071
lcd_string@string_data       cstackCOMMON 0073
main@i                       cstackBANK0  0030
main@value                   cstackBANK0  0020
reset_vec                    reset_vec    0000
start                        init         0000
start_initialization         cinit        07F0
wtemp0                       (abs)        007E


MODULE INFORMATION

Module		Function		Class		Link	Load	Size
newmain.c
		_main          		CODE           	06ED	0000	259

newmain.c estimated size: 259

./eeprom.h
		_EEPROM_read   		CODE           	063A	0000	15
		_EEPROM_write  		CODE           	0649	0000	25
		_EEPROM_write_string		CODE           	06C3	0000	42

./eeprom.h estimated size: 82

shared
		__stringtab    		STRING         	0003	0000	6
		__initialization		CODE           	07F0	0000	12

shared estimated size: 18

./lcd_8bit.h
		_lcd_command   		CODE           	0626	0000	10
		_lcd_data      		CODE           	0630	0000	10
		_lcd_setCursor 		CODE           	067B	0000	33
		_lcd_clear     		CODE           	061F	0000	7
		_lcd_string    		CODE           	069C	0000	39
		_lcd_init      		CODE           	0662	0000	25

./lcd_8bit.h estimated size: 124

