Microchip MPLAB XC8 Compiler V2.46

Linker command line:

-W-3 \
  --edf=C:\Program Files\Microchip\xc8\v2.46\pic\dat\20240104201356_en.msgs \
  -cn -h+dist/default/production\KEYPAD.X.production.sym \
  --cmf=dist/default/production\KEYPAD.X.production.cmf -z -Q16F887 \
  -oC:\Users\Admin\AppData\Local\Temp\xcDs7e8.3\driver_tmp_3.o \
  --defsym=__MPLAB_BUILD=1 --fixupoverflow=error \
  -Mdist/default/production/KEYPAD.X.production.map \
  --md=C:\Users\Admin\AppData\Local\Temp\xcDs7e8.3\driver_tmp_0.dat -E1 \
  -ver=XC8 Compiler --acfsm=1493 -ACODE=00h-07FFhx4 -ASTRCODE=00h-01FFFh \
  -ASTRING=00h-0FFhx32 -ACONST=00h-0FFhx32 -AENTRY=00h-0FFhx32 \
  -ACOMMON=070h-07Fh -ABANK0=020h-06Fh -ABANK1=0A0h-0EFh \
  -ABANK2=0110h-016Fh -ABANK3=0190h-01EFh \
  -ARAM=020h-06Fh,0A0h-0EFh,0110h-016Fh,0190h-01EFh \
  -AABS1=020h-07Fh,0A0h-0EFh,0110h-016Fh,0190h-01EFh -ASFR0=00h-01Fh \
  -ASFR1=080h-09Fh -ASFR2=0100h-010Fh -ASFR3=0180h-018Fh \
  -ACONFIG=02007h-02008h -DCONFIG=2 -AIDLOC=02000h-02003h -DIDLOC=2 \
  -AEEDATA=00h-0FFh/02100h -peeprom_data=EEDATA -DEEDATA=2 -DCODE=2 \
  -DSTRCODE=2 -DSTRING=2 -DCONST=2 -DENTRY=2 \
  -preset_vec=00h,intentry,sivt,init,end_init -ppowerup=CODE -pcinit=CODE \
  -pfunctab=ENTRY -k \
  C:\Users\Admin\AppData\Local\Temp\xcDs7e8.3\driver_tmp_12.o \
  dist/default/production\KEYPAD.X.production.o 

Object code version is 3.11

Machine type is 16F887



                Name                               Link     Load   Length Selector   Space Scale
C:\Users\Admin\AppData\Local\Temp\xcDs7e8.3\driver_tmp_12.o
                end_init                              0        0        3        0       0
                config                             2007     2007        2        0       4
dist/default/production\KEYPAD.X.production.o
                cinit                               7DE      7DE       22      FBC       0
                config                             2007     2007        2        0       4
                text7                               742      742       4B      E84       0
                text6                               6AA      6AA        A      D54       0
                text5                               6A3      6A3        7      D46       0
                text4                               6E1      6E1       19      DC2       0
                text3                               6FA      6FA       21      DF4       0
                text2                               6B4      6B4        A      D68       0
                text1                               71B      71B       27      E36       0
                maintext                            78D      78D       51      F1A       0
                cstackCOMMON                         70       70        7       70       1
                inittext                            6CE      6CE       13      D9C       0
                dataBANK0                            20       20       10       20       1
                dataCOMMON                           7B       7B        2       70       1
                bssCOMMON                            77       77        4       70       1
                strings                               3        3       10        6       0
                idataBANK0                          6BE      6BE       10      D7C       0
                idataCOMMON                         6A1      6A1        2      D42       0

TOTAL           Name                               Link     Load   Length     Space
        CLASS   CODE           
                end_init                              0        0        3         0
                cinit                               7DE      7DE       22         0
                text7                               742      742       4B         0
                text6                               6AA      6AA        A         0
                text5                               6A3      6A3        7         0
                text4                               6E1      6E1       19         0
                text3                               6FA      6FA       21         0
                text2                               6B4      6B4        A         0
                text1                               71B      71B       27         0
                maintext                            78D      78D       51         0
                inittext                            6CE      6CE       13         0
                idataBANK0                          6BE      6BE       10         0
                idataCOMMON                         6A1      6A1        2         0

        CLASS   STRCODE        

        CLASS   STRING         
                strings                               3        3       10         0

        CLASS   CONST          

        CLASS   ENTRY          

        CLASS   COMMON         
                cstackCOMMON                         70       70        7         1
                dataCOMMON                           7B       7B        2         1
                bssCOMMON                            77       77        4         1

        CLASS   BANK0          
                dataBANK0                            20       20       10         1

        CLASS   BANK1          

        CLASS   BANK2          

        CLASS   BANK3          

        CLASS   RAM            

        CLASS   ABS1           
                abs_s1                               7E       7E        2         1

        CLASS   SFR0           

        CLASS   SFR1           

        CLASS   SFR2           

        CLASS   SFR3           

        CLASS   CONFIG         
                config                             2007     2007        2         4

        CLASS   IDLOC          

        CLASS   EEDATA         

        CLASS   HEAP           

        CLASS   STACK          



SEGMENTS        Name                           Load    Length   Top    Selector   Space  Class     Delta

                reset_vec                      000000  000003  000003         0       0  CODE        2
                strings                        000003  000010  000013         6       0  STRING      2
                dataBANK0                      000020  000010  000030        20       1  BANK0       1
                cstackCOMMON                   000070  00000D  00007D        70       1  COMMON      1
                idataCOMMON                    0006A1  000002  0006A3       D42       0  CODE        2
                text5                          0006A3  000007  0006AA       D46       0  CODE        2
                text6                          0006AA  00000A  0006B4       D54       0  CODE        2
                text2                          0006B4  00000A  0006BE       D68       0  CODE        2
                idataBANK0                     0006BE  000010  0006CE       D7C       0  CODE        2
                inittext                       0006CE  000013  0006E1       D9C       0  CODE        2
                text4                          0006E1  000019  0006FA       DC2       0  CODE        2
                text3                          0006FA  000021  00071B       DF4       0  CODE        2
                text1                          00071B  000027  000742       E36       0  CODE        2
                text7                          000742  00004B  00078D       E84       0  CODE        2
                maintext                       00078D  000051  0007DE       F1A       0  CODE        2
                cinit                          0007DE  000022  000800       FBC       0  CODE        2


UNUSED ADDRESS RANGES

        Name                Unused          Largest block    Delta
        BANK0            0030-006F             40           1
        BANK1            00A0-00EF             50           1
        BANK2            0110-016F             60           1
        BANK3            0190-01EF             60           1
        CODE             0013-06A0            68E           2
                         0800-1FFF            800
        COMMON           007D-007D              1           1
        CONST            0013-06A0            100           2
                         0800-1FFF            100
        EEDATA           2100-21FF            100           2
        ENTRY            0013-06A0            100           2
                         0800-1FFF            100
        IDLOC            2000-2003              4           2
        RAM              0030-006F             40           1
                         00A0-00EF             50
                         0110-016F             60
                         0190-01EF             60
        SFR0             0000-001F             20           1
        SFR1             0080-009F             20           1
        SFR2             0100-010F             10           1
        SFR3             0180-018F             10           1
        STRCODE          0013-06A0            68E           2
                         0800-1FFF           1800
        STRING           0013-06A0            100           2
                         0800-1FFF            100

                                  Symbol Table

_PORTB                   (abs)        0006
_PORTCbits               (abs)        0007
_PORTD                   (abs)        0008
_PORTDbits               (abs)        0008
_TRISB                   (abs)        0086
_TRISC                   (abs)        0087
_TRISD                   (abs)        0088
__H__absolute__          __absolute__ 0000
__Habs1                  abs1         0000
__Hbank0                 bank0        0000
__Hbank1                 bank1        0000
__Hbank2                 bank2        0000
__Hbank3                 bank3        0000
__HbssCOMMON             bssCOMMON    0000
__Hcinit                 cinit        0800
__Hclrtext               clrtext      0000
__Hcode                  code         0000
__Hcommon                common       0000
__Hconfig                config       2009
__HcstackCOMMON          cstackCOMMON 0000
__HdataBANK0             dataBANK0    0000
__HdataCOMMON            dataCOMMON   0000
__Heeprom_data           eeprom_data  0000
__Hend_init              end_init     0003
__Hfunctab               functab      0000
__Hheap                  heap         0000
__HidataBANK0            idataBANK0   0000
__HidataCOMMON           idataCOMMON  0000
__Hinit                  init         0000
__Hinittext              inittext     0000
__Hintentry              intentry     0000
__Hmaintext              maintext     0000
__Hpowerup               powerup      0000
__Hram                   ram          0000
__Hreset_vec             reset_vec    0000
__Hsfr0                  sfr0         0000
__Hsfr1                  sfr1         0000
__Hsfr2                  sfr2         0000
__Hsfr3                  sfr3         0000
__Hsivt                  sivt         0000
__Hspace_0               (abs)        0800
__Hspace_1               (abs)        007D
__Hspace_2               (abs)        0000
__Hspace_3               (abs)        0000
__Hspace_4               (abs)        4010
__Hstack                 stack        0000
__Hstrings               strings      0000
__Htext                  text         0000
__L__absolute__          __absolute__ 0000
__Labs1                  abs1         0000
__Lbank0                 bank0        0000
__Lbank1                 bank1        0000
__Lbank2                 bank2        0000
__Lbank3                 bank3        0000
__LbssCOMMON             bssCOMMON    0000
__Lcinit                 cinit        07DE
__Lclrtext               clrtext      0000
__Lcode                  code         0000
__Lcommon                common       0000
__Lconfig                config       0000
__LcstackCOMMON          cstackCOMMON 0000
__LdataBANK0             dataBANK0    0000
__LdataCOMMON            dataCOMMON   0000
__Leeprom_data           eeprom_data  0000
__Lend_init              end_init     0000
__Lfunctab               functab      0000
__Lheap                  heap         0000
__LidataBANK0            idataBANK0   0000
__LidataCOMMON           idataCOMMON  0000
__Linit                  init         0000
__Linittext              inittext     0000
__Lintentry              intentry     0000
__Lmaintext              maintext     0000
__Lpowerup               powerup      0000
__Lram                   ram          0000
__Lreset_vec             reset_vec    0000
__Lsfr0                  sfr0         0000
__Lsfr1                  sfr1         0000
__Lsfr2                  sfr2         0000
__Lsfr3                  sfr3         0000
__Lsivt                  sivt         0000
__Lspace_0               (abs)        0000
__Lspace_1               (abs)        0000
__Lspace_2               (abs)        0000
__Lspace_3               (abs)        0000
__Lspace_4               (abs)        0000
__Lstack                 stack        0000
__Lstrings               strings      0000
__Ltext                  text         0000
__S0                     (abs)        0800
__S1                     (abs)        007D
__S3                     (abs)        0000
___heap_hi               (abs)        0000
___heap_lo               (abs)        0000
___int_sp                stack        0000
___int_stack_hi          stack        0000
___int_stack_lo          stack        0000
___latbits               (abs)        0002
___sp                    stack        0000
___stack_hi              stack        0000
___stack_lo              stack        0000
___stackhi               (abs)        0000
___stacklo               (abs)        0000
__end_of__initialization cinit        07FC
__end_of__stringtab      strings      0009
__end_of_keypad_scan     text7        078D
__end_of_lcd_clear       text5        06AA
__end_of_lcd_command     text6        06B4
__end_of_lcd_data        text2        06BE
__end_of_lcd_init        text4        06FA
__end_of_lcd_setCursor   text3        071B
__end_of_lcd_string      text1        0742
__end_of_main            maintext     07DE
__initialization         cinit        07DE
__pbssCOMMON             bssCOMMON    0077
__pcstackCOMMON          cstackCOMMON 0070
__pdataBANK0             dataBANK0    0020
__pdataCOMMON            dataCOMMON   007B
__pidataBANK0            idataBANK0   06BE
__pidataCOMMON           idataCOMMON  06A1
__pmaintext              maintext     078D
__pstrings               strings      0003
__ptext1                 text1        071B
__ptext2                 text2        06B4
__ptext3                 text3        06FA
__ptext4                 text4        06E1
__ptext5                 text5        06A3
__ptext6                 text6        06AA
__ptext7                 text7        0742
__stringbase             strings      0008
__stringtab              strings      0003
_col                     bssCOMMON    0077
_keypad                  dataBANK0    0020
_keypad_scan             text7        0742
_lcd_clear               text5        06A3
_lcd_command             text6        06AA
_lcd_data                text2        06B4
_lcd_init                text4        06E1
_lcd_setCursor           text3        06FA
_lcd_string              text1        071B
_main                    maintext     078D
_row                     bssCOMMON    0079
btemp                    (abs)        007E
end_of_initialization    cinit        07FC
init_fetch0              inittext     06CE
init_ram0                inittext     06D2
intlevel0                functab      0000
intlevel1                functab      0000
intlevel2                functab      0000
intlevel3                functab      0000
intlevel4                functab      0000
intlevel5                functab      0000
keypad_scan@i            cstackCOMMON 0071
lcd_command@cmd          cstackCOMMON 0070
lcd_data@Data            cstackCOMMON 0070
lcd_setCursor@x          cstackCOMMON 0072
lcd_setCursor@y          cstackCOMMON 0071
lcd_string@i             cstackCOMMON 0072
lcd_string@string_data   cstackCOMMON 0071
reset_vec                reset_vec    0000
start                    init         0000
start_initialization     cinit        07DE
wtemp0                   (abs)        007E


MODULE INFORMATION

Module		Function		Class		Link	Load	Size
./keypad4x4.h
		_keypad_scan   		CODE           	0742	0000	75

./keypad4x4.h estimated size: 75

newmain.c
		_main          		CODE           	078D	0000	81

newmain.c estimated size: 81

shared
		__stringtab    		STRING         	0003	0000	6
		__initialization		CODE           	07DE	0000	30

shared estimated size: 36

./lcd_8bit.h
		_lcd_command   		CODE           	06AA	0000	10
		_lcd_data      		CODE           	06B4	0000	10
		_lcd_setCursor 		CODE           	06FA	0000	33
		_lcd_clear     		CODE           	06A3	0000	7
		_lcd_string    		CODE           	071B	0000	39
		_lcd_init      		CODE           	06E1	0000	25

./lcd_8bit.h estimated size: 124

